
> my-v0-project@0.1.0 build
> next build

npm : [baseline-browser-mapping] The data in 
this module is over two months old.  To 
ensure accurate Baseline data, please update: 
`npm i baseline-browser-mapping@latest -D`
At line:1 char:1
+ npm run build > build_output.txt 2>&1
+ ~~~~~~~~~~~~~~~~~~~~~~~~~~~~~~~~~~~~~
    + CategoryInfo          : NotSpecified: ( 
   [baseline-brows...ping@latest -D`:String)  
   [], RemoteException
    + FullyQualifiedErrorId : NativeCommandEr 
   ror
 
   Γû▓ Next.js 16.0.7 (Turbopack)
   - Environments: .env.local
   - Experiments (use with caution):
     ┬╖ optimizePackageImports

   Creating an optimized production build ...
[baseline-browser-mapping] The data in this 
module is over two months old.  To ensure 
accurate Baseline data, please update: `npm i 
baseline-browser-mapping@latest -D`
Error: Cannot apply unknown utility class 
`max-w-8xl`
    [2m[at onInvalidCandidate (E:\Full Stack 
Projects\SUST_Research_Hub\node_modules\.pnpm\
tailwindcss@4.1.17\node_modules\tailwindcss\di
st\lib.js:21:1511)][0m
    [2m[at Te (E:\Full Stack Projects\SUST_Re
search_Hub\node_modules\.pnpm\tailwindcss@4.1.
17\node_modules\tailwindcss\dist\lib.js:16:363
64)][0m
    [2m[at E:\Full Stack Projects\SUST_Resear
ch_Hub\node_modules\.pnpm\tailwindcss@4.1.17\n
ode_modules\tailwindcss\dist\lib.js:21:355][0
m
    [2m[at Tr (E:\Full Stack Projects\SUST_Re
search_Hub\node_modules\.pnpm\tailwindcss@4.1.
17\node_modules\tailwindcss\dist\lib.js:3:1718
)][0m
    [2m[at _ (E:\Full Stack Projects\SUST_Res
earch_Hub\node_modules\.pnpm\tailwindcss@4.1.1
7\node_modules\tailwindcss\dist\lib.js:3:1377)
][0m
    [2m[at Se (E:\Full Stack Projects\SUST_Re
search_Hub\node_modules\.pnpm\tailwindcss@4.1.
17\node_modules\tailwindcss\dist\lib.js:21:172
)][0m
    [2m[at ln (E:\Full Stack Projects\SUST_Re
search_Hub\node_modules\.pnpm\tailwindcss@4.1.
17\node_modules\tailwindcss\dist\lib.js:38:294
)][0m
    [2m[at async sn (E:\Full Stack Projects\S
UST_Research_Hub\node_modules\.pnpm\tailwindcs
s@4.1.17\node_modules\tailwindcss\dist\lib.js:
38:631)][0m
    [2m[at async Qr (E:\Full Stack Projects\S
UST_Research_Hub\node_modules\.pnpm\@tailwindc
ss+node@4.1.17\node_modules\@tailwindcss\node\
dist\index.js:10:3385)][0m
    [2m[at async I (E:\Full Stack Projects\SU
ST_Research_Hub\node_modules\.pnpm\@tailwindcs
s+postcss@4.1.17\node_modules\@tailwindcss\pos
tcss\dist\index.js:10:3978)][0m

> Build error occurred
Error: Turbopack build failed with 1 errors:
./app/globals.css
Error evaluating Node.js code
CssSyntaxError: tailwindcss: E:\Full Stack Pro
jects\SUST_Research_Hub\app\globals.css:1:1: 
Cannot apply unknown utility class `max-w-8xl`
    at Input.error (node_modules/.pnpm/postcss
@8.5.6/node_modules/postcss/lib/input.js:135:1
6) [E:\Full Stack Projects\SUST_Research_Hub\.
next\build\chunks\node_modules__pnpm_806d01c0.
_.js:4651:22]
    at Root.error (node_modules/.pnpm/postcss@
8.5.6/node_modules/postcss/lib/node.js:146:32)
 [E:\Full Stack Projects\SUST_Research_Hub\.ne
xt\build\chunks\node_modules__pnpm_806d01c0._.
js:928:38]
    [at Object.Once (E:\Full Stack Projects\SU
ST_Research_Hub\node_modules\.pnpm\@tailwindcs
s+postcss@4.1.17\node_modules\@tailwindcss\pos
tcss\dist\index.js:10:6912)]
    at async LazyResult.runAsync (node_modules
/.pnpm/postcss@8.5.6/node_modules/postcss/lib/
lazy-result.js:293:11) [E:\Full Stack Projects
\SUST_Research_Hub\.next\build\chunks\node_mod
ules__pnpm_806d01c0._.js:6206:21]
    at async transform (turbopack:///[turbopac
k-node]/transforms/postcss.ts:70:34) [E:\Full 
Stack Projects\SUST_Research_Hub\.next\build\c
hunks\[root-of-the-server]__51225daf._.js:146:
36]
    at async run (turbopack:///[turbopack-node
]/ipc/evaluate.ts:92:23) [E:\Full Stack Projec
ts\SUST_Research_Hub\.next\build\chunks\[root-
of-the-server]__974941ed._.js:443:31]

Import trace:
  Client Component Browser:
    ./app/globals.css [Client Component 
Browser]
    ./app/layout.tsx [Server Component]


    at async transform (turbopack:///[turbopac
k-node]/transforms/postcss.ts:70:34) [E:\Full 
Stack Projects\SUST_Research_Hub\.next\build\c
hunks\[root-of-the-server]__51225daf._.js:146:
36])
    at async run (turbopack:///[turbopack-node
]/ipc/evaluate.ts:92:23) [E:\Full Stack Projec
ts\SUST_Research_Hub\.next\build\chunks\[root-
of-the-server]__974941ed._.js:443:31])
